src/components/FriendButton.tsx(5,25): error TS2307: Cannot find module '@/contexts/AuthContext' or its corresponding type declarations.
src/components/FriendButton.tsx(6,26): error TS2307: Cannot find module '@/lib/supabase' or its corresponding type declarations.
src/components/NotificationCenter.tsx(5,25): error TS2307: Cannot find module '@/contexts/AuthContext' or its corresponding type declarations.
src/components/NotificationCenter.tsx(6,26): error TS2307: Cannot find module '@/lib/supabase' or its corresponding type declarations.
src/components/views/VoiceStatsWidget.tsx(4,25): error TS2307: Cannot find module '@/contexts/AuthContext' or its corresponding type declarations.
src/components/views/VoiceStatsWidget.tsx(5,20): error TS2307: Cannot find module '@/lib/utils' or its corresponding type declarations.
src/components/views/VoiceView.tsx(3,20): error TS2307: Cannot find module '@/lib/utils' or its corresponding type declarations.
src/components/views/VoiceView.tsx(5,25): error TS2307: Cannot find module '@/contexts/AuthContext' or its corresponding type declarations.
src/components/views/VoiceView.tsx(6,26): error TS2307: Cannot find module '@/lib/supabase' or its corresponding type declarations.
src/components/views/VoiceView.tsx(12,27): error TS2307: Cannot find module '@/components/voice/CommentSystem' or its corresponding type declarations.
src/components/views/VoiceView.tsx(13,29): error TS2307: Cannot find module '@/components/voice/CreateVoiceForm' or its corresponding type declarations.
src/components/views/VoiceView.tsx(17,27): error TS2307: Cannot find module '@/contexts/ReportContext' or its corresponding type declarations.
